// Jest Snapshot v1, https://goo.gl/fbAQLP

exports[`applies correct icon name and color 1`] = `
<Text
  allowFontScaling={false}
  selectable={false}
  style={
    [
      {
        "color": "#000",
        "fontSize": 28,
      },
      [
        {
          "marginBottom": -3,
        },
        undefined,
      ],
      {
        "fontFamily": "ionicons",
        "fontStyle": "normal",
        "fontWeight": "normal",
      },
      {},
    ]
  }
>
  î²ƒ
</Text>
`;

exports[`renders correctly 1`] = `<Text />`;
