// Jest Snapshot v1, https://goo.gl/fbAQLP

exports[`BookingDetailsScreen matches the snapshot 1`] = `
<View
  style={
    [
      {
        "backgroundColor": "#fff",
      },
      {
        "flex": 1,
        "padding": 20,
      },
    ]
  }
>
  <View
    accessibilityRole="button"
    accessibilityState={
      {
        "busy": undefined,
        "checked": undefined,
        "disabled": undefined,
        "expanded": undefined,
        "selected": undefined,
      }
    }
    accessibilityValue={
      {
        "max": undefined,
        "min": undefined,
        "now": undefined,
        "text": undefined,
      }
    }
    accessible={true}
    collapsable={false}
    focusable={true}
    onBlur={[Function]}
    onClick={[Function]}
    onFocus={[Function]}
    onResponderGrant={[Function]}
    onResponderMove={[Function]}
    onResponderRelease={[Function]}
    onResponderTerminate={[Function]}
    onResponderTerminationRequest={[Function]}
    onStartShouldSetResponder={[Function]}
    style={
      [
        {
          "alignItems": "center",
          "borderRadius": 30,
          "justifyContent": "center",
          "padding": 10,
        },
        {
          "backgroundColor": "transparent",
        },
        {
          "opacity": 1,
        },
        undefined,
        false,
        {
          "alignSelf": "flex-start",
        },
      ]
    }
    testID="back-button"
  >
    <View
      style={
        {
          "alignItems": "center",
          "flexDirection": "row",
        }
      }
    >
      <Text
        allowFontScaling={false}
        selectable={false}
        style={
          [
            {
              "color": undefined,
              "fontSize": 16,
            },
            [
              undefined,
              {
                "color": "#003083",
              },
            ],
            {
              "fontFamily": "ionicons",
              "fontStyle": "normal",
              "fontWeight": "normal",
            },
            {},
          ]
        }
      >
        î¨¨
      </Text>
      <Text
        style={
          [
            {
              "fontSize": 16,
            },
            {
              "color": "#003083",
            },
            {
              "marginLeft": 8,
            },
          ]
        }
      >
        Back
      </Text>
    </View>
  </View>
  <RCTScrollView
    style={
      {
        "flex": 1,
        "marginTop": 20,
      }
    }
  >
    <View>
      <Text
        style={
          [
            {
              "fontSize": 24,
              "fontWeight": "bold",
              "marginBottom": 20,
            },
            {
              "color": "#003083",
            },
          ]
        }
      >
        Ferry Reservation Details
      </Text>
      <View
        style={
          [
            {
              "borderRadius": 8,
              "marginBottom": 10,
              "padding": 20,
            },
            {
              "backgroundColor": "#0030831A",
            },
          ]
        }
      >
        <Text
          style={
            {
              "fontSize": 16,
              "fontWeight": "700",
              "marginTop": 8,
            }
          }
        >
          Booking Reference:
        </Text>
        <Text
          style={
            {
              "color": "#333",
              "fontSize": 18,
            }
          }
        >
          ABC123
        </Text>
        <Text
          style={
            {
              "fontSize": 16,
              "fontWeight": "700",
              "marginTop": 8,
            }
          }
        >
          Route:
        </Text>
        <Text
          style={
            {
              "color": "#333",
              "fontSize": 18,
            }
          }
        >
          Dover to Calais
        </Text>
        <Text
          style={
            {
              "fontSize": 16,
              "fontWeight": "700",
              "marginTop": 8,
            }
          }
        >
          Date:
        </Text>
        <Text
          style={
            {
              "color": "#333",
              "fontSize": 18,
            }
          }
        >
          November 5, 2024
        </Text>
        <Text
          style={
            {
              "fontSize": 16,
              "fontWeight": "700",
              "marginTop": 8,
            }
          }
        >
          Time:
        </Text>
        <Text
          style={
            {
              "color": "#333",
              "fontSize": 18,
            }
          }
        >
          08:00
        </Text>
        <Text
          style={
            {
              "fontSize": 16,
              "fontWeight": "700",
              "marginTop": 8,
            }
          }
        >
          Passengers:
        </Text>
        <Text
          style={
            {
              "color": "#333",
              "fontSize": 18,
            }
          }
        >
          2
        </Text>
        <Text
          style={
            {
              "fontSize": 16,
              "fontWeight": "700",
              "marginTop": 8,
            }
          }
        >
          Vehicle:
        </Text>
        <Text
          style={
            {
              "color": "#333",
              "fontSize": 18,
            }
          }
        >
          Car
        </Text>
        <Text
          style={
            {
              "fontSize": 16,
              "fontWeight": "700",
              "marginTop": 8,
            }
          }
        >
          Additional Info:
        </Text>
        <Text
          style={
            {
              "color": "#333",
              "fontSize": 18,
            }
          }
        >
          Standard vehicle ferry crossing
        </Text>
      </View>
      <View
        style={
          {
            "alignItems": "center",
            "marginBottom": 40,
            "marginTop": 40,
          }
        }
      >
        <QRCode
          size={200}
          testID="qr-code"
          value="8f7e6d5c-4b3a-2a1e-9f8d-7c6b5a4e3d2c"
        />
      </View>
    </View>
  </RCTScrollView>
</View>
`;
